---
source: tests/e2e.rs
expression: stdout
---
{
  "deep": [
    {
      "a": [
        {
          "b": [
            {}
          ]
        }
      ]
    }
  ],
  "matrix": [
    [
      1
    ]
  ],
  "objects": [
    {
      "k": "v1"
    }
  ],
  "strings": [
    "one"
  ]
}
