---
source: tests/e2e.rs
expression: stdout
---
{
  "deep": [
    {
      "a": [
        {
          "b": [
            {
              "c": [
                "x",
                "y",
                "z"
              ]
            }
          ]
        }
      ]
    },
    {
      "a": [
        {
          "b": [
            {
              "c": [
                "p",
                "q",
                "r",
                "s",
                "t"
              ]
            }
          ]
        }
      ]
    }
  ],
  "objects": [
    {
      "k": "v1"
    },
    {
      "k": "v2"
    },
    {
      "k": "v3"
    }
  ],
  "strings": [
    "one",
    "two",
    "three",
    "four",
    "five",
    "six",
    "seven"
  ],
  "matrix": [
    [
      1,
      2,
      3
    ],
    [
      4,
      5,
      6
    ],
    [
      7,
      8,
      9
    ]
  ]
}
