---
source: tests/yaml_suite_snapshots.rs
expression: tight
---
- dump: "!!str…"
  from: NimY…
  json: "{\n  …"
  name: Tags…
  tags: expl…
  tree: +STR…
  yaml: "? !!…"
