---
source: tests/yaml_suite_snapshots.rs
expression: tight
---
- dump: "key:…"
  from: "@per…"
  json: "{\n  …"
  name: Nest…
  tags: flow…
  tree: +STR…
  yaml: "{ k…"
