---
source: tests/yaml_suite_snapshots.rs
expression: tight
---
- dump: "li…
  emit: ---…
  from: M9B…
  json: "li…
  name: Spe…
  tags: spe…
  tree: +ST…
  yaml: ---…
