---
source: tests/yaml_suite_snapshots.rs
expression: tight
---
- dump: " foo…
  from: "http:…"
  json: " fo…
  name: Spec…
  tags: doub…
  tree: +STR…
  yaml: "\"\n  …"
