---
source: tests/yaml_suite_snapshots.rs
expression: out_med
---
- dump: "a!\"#$%&'()*+,-./09:;<=>?@AZ[\\]^_`az{|}~: safe\n?foo: safe ques…"
  from: "@perlpunk"
  json: "{\n  \"a!\\\"#$%&'()*+,-./09:;<=>?@AZ[\\\\]^_`az{|}~\": \"safe\",\n  \"?…"
  name: Allowed characters in keys
  tags: mapping scalar
  tree: "+STR\n +DOC\n  +MAP\n   =VAL :a!\"#$%&'()*+,-./09:;<=>?@AZ[\\\\]^_`…"
  yaml: "a!\"#$%&'()*+,-./09:;<=>?@AZ[\\]^_`az{|}~: safe\n?foo: safe que…"
