---
source: tests/yaml_suite_snapshots.rs
expression: out_med
---
- dump: "!!map\nk: !!seq\n…"
  from: NimYAML tests
  json: "{\n  \"k\": [\n    …"
  name: Tags for Flow O…
  tags: tag flow mappin…
  tree: "+STR\n +DOC\n  +M…"
  yaml: "!!map {\n  k: !…"
