---
source: tests/yaml_suite_snapshots.rs
expression: tight
---
- dump: ---…
  emit: ---…
  from: 9WX…
  json: "ba…
  name: Spe…
  tags: loc…
  tree: +S…
  yaml: "# …"
