---
source: tests/yaml_suite_snapshots.rs
expression: out_med
---
- dump: '---word1 wo…
  emit: --- '---word…
  from: "82AN, modifi…"
  json: "---word1 wo…
  name: Three dashes…
  tags: scalar 1.3-m…
  tree: "+STR\n +DOC -…"
  yaml: "---\n---word1…"
