---
source: tests/yaml_suite_snapshots.rs
expression: tight
---
- dump: "? - Det…"
  from: "http://…"
  name: Spec Ex…
  tags: comple…
  tree: "+STR\n …"
  yaml: "? - De…"
