---
source: tests/yaml_suite_snapshots.rs
expression: out_med
---
- emit: "---\nf…"
  from: "@ingy…"
  json: "{\n  \"…"
  name: Trail…
  tags: white…
  tree: +STR…
  yaml: "foo:…"
- emit: "---\n…"
  json: "{\n  …"
  tree: +STR…
  yaml: "foo:…"
