---
source: tests/yaml_suite_snapshots.rs
expression: tight
---
- dump: "\n…
  emit: "|\n…"
  from: ht…
  json: "\…
  name: Sp…
  tags: sp…
  tree: +S…
  yaml: "|\n…"
