---
source: tests/yaml_suite_snapshots.rs
expression: tight
---
- emit: --- …
  from: "@ing…"
  json: "[]\n"
  name: Tab …
  tags: inde…
  tree: +STR…
  yaml: ———…
