---
source: tests/yaml_suite_snapshots.rs
expression: out_med
---
- dump: "a:\nb:\nc:\n"
  from: NimYAML tests
  json: "{\n  \"a\": null,\n  \"…"
  name: Block Mapping with…
  tags: explicit-key mappi…
  tree: "+STR\n +DOC\n  +MAP…"
  yaml: "? a\n? b\nc:\n"
