---
source: tests/yaml_suite_snapshots.rs
expression: tight
---
- dump: ">\n  f…"
  from: http…
  json: "fol…
  name: Spec…
  tags: spec…
  tree: +STR…
  yaml: ">\n f…"
