---
source: tests/yaml_suite_snapshots.rs
expression: out_tight
---
- from: …
  name: …
  tags: …
  tree: …
  yaml: …
- {}
- {}
