---
source: tests/yaml_suite_snapshots.rs
expression: out_full
---
- fail: true
  from: "@perlpunk"
  name: Flow Mapping Key on two lines
  tags: error flow mapping
  tree: "+STR\n +DOC\n  +SEQ []\n   =VAL :23\n"
  yaml: "[23\n]: 42\n"
