---
source: tests/yaml_suite_snapshots.rs
expression: out_med
---
- dump: "'a b c d\n\n …"
  emit: --- a b c d…
  from: "9YRD, modif…"
  json: "a b c d\ne…
  name: Multiline S…
  tags: scalar whit…
  tree: "+STR\n +DOC…"
  yaml: "---\na\nb␣␣\n…"
