---
source: tests/yaml_suite_snapshots.rs
expression: tight
---
- dump: '1st …
  from: "http:…"
  json: "1st …
  name: Spec …
  tags: spec …
  tree: +STR…
  yaml: 1st …
