---
source: tests/yaml_suite_snapshots.rs
expression: out_med
---
- dump: "&a1 !!str \"foo\"…"
  from: "http://www.yaml…"
  json: "{\n  \"foo\": \"ba…"
  name: Spec Example 6…
  tags: spec tag alias
  tree: "+STR\n +DOC\n  +…"
  yaml: "!!str &a1 \"foo…"
